// Jest Snapshot v1, https://goo.gl/fbAQLP

exports[`<UnavailableData/> should render and match the snapshot 1`] = `
<div
  class="unavailable-data global-flex-vertical-horizontal-center "
  data-test-id="unreachable-service"
>
  <div
    class="ant-row tracks-failure-message "
  >
    <div
      class="ant-col  unavailable-data-icon  ant-col-sm-24 ant-col-md-24 ant-col-lg-24 ant-col-xl-24"
    >
      <i
        aria-label="icon: info-circle"
        class="anticon anticon-info-circle"
      >
        <svg
          aria-hidden="true"
          class=""
          data-icon="info-circle"
          fill="currentColor"
          focusable="false"
          height="1em"
          viewBox="64 64 896 896"
          width="1em"
        >
          <path
            d="M512 64C264.6 64 64 264.6 64 512s200.6 448 448 448 448-200.6 448-448S759.4 64 512 64zm0 820c-205.4 0-372-166.6-372-372s166.6-372 372-372 372 166.6 372 372-166.6 372-372 372z"
          />
          <path
            d="M464 336a48 48 0 1 0 96 0 48 48 0 1 0-96 0zm72 112h-48c-4.4 0-8 3.6-8 8v272c0 4.4 3.6 8 8 8h48c4.4 0 8-3.6 8-8V456c0-4.4-3.6-8-8-8z"
          />
        </svg>
      </i>
    </div>
    <div
      class="ant-col unavailable-data-message ant-col-sm-24 ant-col-md-24 ant-col-lg-24 ant-col-xl-24"
    />
    <div
      class="ant-col global-flex-vertical-horizontal-center ant-col-sm-24 ant-col-md-24 ant-col-lg-24 ant-col-xl-24"
    >
      <button
        class="ant-btn unavailable-data-btn"
        type="button"
      >
        <a
          href="/"
        >
          <span>
            Back to Dashboard
          </span>
        </a>
      </button>
    </div>
  </div>
</div>
`;
